The following modules were not unloaded:
  (Use "module --force purge" to unload all):

  1) gentoo/2023
Job started on trig0002
Working directory: /scratch/lauter/manuel/TABQ-THA/from_cif
Python: /home/lauter/venvs/cof-landscaper/bin/python
Python 3.12.4
CUDA available: True
CUDA device count: 1
Job finished on Fri 25 Sep 2026 01:21:53 PM EDT

scontrol show job 990223
JobId=990223 JobName=from_cif
   UserId=lauter(3158757) GroupId=lauter(3158757) MCS_label=N/A
   Priority=1713858 Nice=0 Account=ctb-moosavi5 QOS=normal
   JobState=COMPLETING Reason=None Dependency=(null)
   Requeue=0 Restarts=0 BatchFlag=1 Reboot=0 ExitCode=0:0
   RunTime=00:01:33 TimeLimit=00:30:00 TimeMin=N/A
   SubmitTime=2026-09-25T13:20:19 EligibleTime=2026-09-25T13:20:19
   AccrueTime=2026-09-25T13:20:19
   StartTime=2026-09-25T13:20:20 EndTime=2026-09-25T13:21:53 Deadline=N/A
   SuspendTime=None SecsPreSuspend=0 LastSchedEval=2026-09-25T13:20:20 Scheduler=Main
   Partition=compute AllocNode:Sid=trig-login01:1543223
   ReqNodeList=(null) ExcNodeList=(null)
   NodeList=trig0002
   BatchHost=trig0002
   NumNodes=1 NumCPUs=8 NumTasks=1 CPUs/Task=8 ReqB:S:C:T=0:0:*:*
   ReqTRES=cpu=8,mem=187.50G,node=1,billing=1,gres/gpu=1
   AllocTRES=cpu=8,mem=187.50G,node=1,billing=1,gres/gpu=1
   Socks/Node=* NtasksPerN:B:S:C=0:0:*:* CoreSpec=*
   MinCPUsNode=8 MinMemoryNode=187.50G MinTmpDiskNode=0
   Features=(null) DelayBoot=00:00:00
   OverSubscribe=OK Contiguous=0 Licenses=(null) LicensesAlloc=(null) Network=(null)
   Command=/home/lauter/tools/scripts/submit.sh
   SubmitLine=SBATCH --comment /opt/slurm/bin/sbatch --export=NONE --get-user-env -J from_cif /home/lauter/tools/scripts/submit.sh --export=NONE --get-user-env -J from_cif /home/lauter/tools/scripts/submit.sh
   WorkDir=/scratch/lauter/manuel/TABQ-THA/from_cif
   Comment=/opt/slurm/bin/sbatch --export=NONE --get-user-env -J from_cif /home/lauter/tools/scripts/submit.sh
   StdErr=/scratch/lauter/manuel/TABQ-THA/from_cif/slurm-990223.log
   StdIn=/dev/null
   StdOut=/scratch/lauter/manuel/TABQ-THA/from_cif/slurm-990223.log
   TresPerNode=gres/gpu:h100:1
   TresPerTask=cpu=8
   MailUser=lauter@scinet.local MailType=FAIL

sacct -j 990223
JobID           JobName    Account    Elapsed  MaxVMSize     MaxRSS  SystemCPU    UserCPU ExitCode 
------------ ---------- ---------- ---------- ---------- ---------- ---------- ---------- -------- 
990223         from_cif ctb-moosa+   00:01:33                         00:00:00   00:00:00      0:0 
990223.batch      batch ctb-moosa+   00:01:33                         00:00:00   00:00:00      0:0 
990223.exte+     extern ctb-moosa+   00:01:33                         00:00:00   00:00:00      0:0 

