The following modules were not unloaded:
  (Use "module --force purge" to unload all):

  1) gentoo/2023
Job started on trig0041
Working directory: /scratch/lauter/eva/PBI-COF_AB/og
Python: /home/lauter/venvs/cof-landscaper/bin/python
Python 3.12.4
CUDA available: True
CUDA device count: 1
Job finished on Wed 16 Sep 2026 07:14:02 AM EDT

scontrol show job 923503
JobId=923503 JobName=og
   UserId=lauter(3158757) GroupId=lauter(3158757) MCS_label=N/A
   Priority=1679101 Nice=0 Account=ctb-moosavi5 QOS=normal
   JobState=COMPLETING Reason=None Dependency=(null)
   Requeue=0 Restarts=0 BatchFlag=1 Reboot=0 ExitCode=0:0
   RunTime=00:23:25 TimeLimit=00:30:00 TimeMin=N/A
   SubmitTime=2026-09-16T06:50:36 EligibleTime=2026-09-16T06:50:36
   AccrueTime=2026-09-16T06:50:36
   StartTime=2026-09-16T06:50:37 EndTime=2026-09-16T07:14:02 Deadline=N/A
   SuspendTime=None SecsPreSuspend=0 LastSchedEval=2026-09-16T06:50:37 Scheduler=Main
   Partition=compute AllocNode:Sid=trig-login01:3301131
   ReqNodeList=(null) ExcNodeList=(null)
   NodeList=trig0041
   BatchHost=trig0041
   NumNodes=1 NumCPUs=8 NumTasks=1 CPUs/Task=8 ReqB:S:C:T=0:0:*:*
   ReqTRES=cpu=8,mem=187.50G,node=1,billing=1,gres/gpu=1
   AllocTRES=cpu=8,mem=187.50G,node=1,billing=1,gres/gpu=1
   Socks/Node=* NtasksPerN:B:S:C=0:0:*:* CoreSpec=*
   MinCPUsNode=8 MinMemoryNode=187.50G MinTmpDiskNode=0
   Features=(null) DelayBoot=00:00:00
   OverSubscribe=OK Contiguous=0 Licenses=(null) LicensesAlloc=(null) Network=(null)
   Command=/home/lauter/tools/scripts/submit.sh
   SubmitLine=SBATCH --comment /opt/slurm/bin/sbatch --export=NONE --get-user-env -J og /home/lauter/tools/scripts/submit.sh --export=NONE --get-user-env -J og /home/lauter/tools/scripts/submit.sh
   WorkDir=/scratch/lauter/eva/PBI-COF_AB/og
   Comment=/opt/slurm/bin/sbatch --export=NONE --get-user-env -J og /home/lauter/tools/scripts/submit.sh
   StdErr=/scratch/lauter/eva/PBI-COF_AB/og/slurm-923503.log
   StdIn=/dev/null
   StdOut=/scratch/lauter/eva/PBI-COF_AB/og/slurm-923503.log
   TresPerNode=gres/gpu:h100:1
   TresPerTask=cpu=8
   MailUser=lauter@scinet.local MailType=FAIL

sacct -j 923503
JobID           JobName    Account    Elapsed  MaxVMSize     MaxRSS  SystemCPU    UserCPU ExitCode 
------------ ---------- ---------- ---------- ---------- ---------- ---------- ---------- -------- 
923503               og ctb-moosa+   00:23:25                         00:00:00   00:00:00      0:0 
923503.batch      batch ctb-moosa+   00:23:25                         00:00:00   00:00:00      0:0 
923503.exte+     extern ctb-moosa+   00:23:25                         00:00:00   00:00:00      0:0 

